2026-07-16 15:20:44,445 INFO o.a.j.u.JMeterUtils: Setting Locale to en_EN
2026-07-16 15:20:44,475 INFO o.a.j.JMeter: Loading user properties from: C:\Users\ASUS\Desktop\apache-jmeter-5.6.3\bin\user.properties
2026-07-16 15:20:44,476 INFO o.a.j.JMeter: Loading system properties from: C:\Users\ASUS\Desktop\apache-jmeter-5.6.3\bin\system.properties
2026-07-16 15:20:44,477 INFO o.a.j.JMeter: Setting JMeter property: users=5
2026-07-16 15:20:44,477 INFO o.a.j.JMeter: Setting JMeter property: ramp=10
2026-07-16 15:20:44,477 INFO o.a.j.JMeter: Setting JMeter property: duration=60
2026-07-16 15:20:44,485 INFO o.a.j.JMeter: Copyright (c) 1998-2024 The Apache Software Foundation
2026-07-16 15:20:44,485 INFO o.a.j.JMeter: Version 5.6.3
2026-07-16 15:20:44,485 INFO o.a.j.JMeter: java.version=20.0.2
2026-07-16 15:20:44,485 INFO o.a.j.JMeter: java.vm.name=Java HotSpot(TM) 64-Bit Server VM
2026-07-16 15:20:44,485 INFO o.a.j.JMeter: os.name=Windows 11
2026-07-16 15:20:44,485 INFO o.a.j.JMeter: os.arch=amd64
2026-07-16 15:20:44,486 INFO o.a.j.JMeter: os.version=10.0
2026-07-16 15:20:44,486 INFO o.a.j.JMeter: file.encoding=UTF-8
2026-07-16 15:20:44,487 INFO o.a.j.JMeter: java.awt.headless=true
2026-07-16 15:20:44,487 INFO o.a.j.JMeter: Max memory     =1073741824
2026-07-16 15:20:44,487 INFO o.a.j.JMeter: Available Processors =8
2026-07-16 15:20:44,505 INFO o.a.j.JMeter: Default Locale=English (EN)
2026-07-16 15:20:44,507 INFO o.a.j.JMeter: JMeter  Locale=English (EN)
2026-07-16 15:20:44,507 INFO o.a.j.JMeter: JMeterHome=C:\Users\ASUS\Desktop\apache-jmeter-5.6.3
2026-07-16 15:20:44,507 INFO o.a.j.JMeter: user.dir  =C:\Users\ASUS\Desktop\integrador\filo-estilo
2026-07-16 15:20:44,508 INFO o.a.j.JMeter: PWD       =C:\Users\ASUS\Desktop\integrador\filo-estilo
2026-07-16 15:20:44,512 INFO o.a.j.JMeter: IP: 192.168.18.66 Name: LAPTOP-G6I6VGFO FullName: host.docker.internal
2026-07-16 15:20:44,549 INFO o.a.j.s.FileServer: Default base='C:\Users\ASUS\Desktop\integrador\filo-estilo'
2026-07-16 15:20:44,551 INFO o.a.j.s.FileServer: Set new base='C:\Users\ASUS\Desktop\integrador\filo-estilo'
2026-07-16 15:20:45,098 INFO o.a.j.s.SaveService: Testplan (JMX) version: 2.2. Testlog (JTL) version: 2.2
2026-07-16 15:20:45,155 INFO o.a.j.s.SaveService: Using SaveService properties version 5.0
2026-07-16 15:20:45,163 INFO o.a.j.s.SaveService: Using SaveService properties file encoding UTF-8
2026-07-16 15:20:45,167 INFO o.a.j.s.SaveService: Loading file: FILO_ESTILO_StressTest.jmx
2026-07-16 15:20:45,297 INFO o.a.j.p.h.c.CookieManager: Settings: Delete null: true Check: true Allow variable: true Save: false Prefix: COOKIE_
2026-07-16 15:20:45,334 INFO o.a.j.p.h.s.HTTPSamplerBase: Parser for text/html is org.apache.jmeter.protocol.http.parser.LagartoBasedHtmlParser
2026-07-16 15:20:45,334 INFO o.a.j.p.h.s.HTTPSamplerBase: Parser for application/xhtml+xml is org.apache.jmeter.protocol.http.parser.LagartoBasedHtmlParser
2026-07-16 15:20:45,334 INFO o.a.j.p.h.s.HTTPSamplerBase: Parser for application/xml is org.apache.jmeter.protocol.http.parser.LagartoBasedHtmlParser
2026-07-16 15:20:45,334 INFO o.a.j.p.h.s.HTTPSamplerBase: Parser for text/xml is org.apache.jmeter.protocol.http.parser.LagartoBasedHtmlParser
2026-07-16 15:20:45,334 INFO o.a.j.p.h.s.HTTPSamplerBase: Parser for text/vnd.wap.wml is org.apache.jmeter.protocol.http.parser.RegexpHTMLParser
2026-07-16 15:20:45,334 INFO o.a.j.p.h.s.HTTPSamplerBase: Parser for text/css is org.apache.jmeter.protocol.http.parser.CssParser
2026-07-16 15:20:45,384 INFO o.a.j.JMeter: Creating summariser <summary>
2026-07-16 15:20:45,407 INFO o.a.j.e.StandardJMeterEngine: Running the test!
2026-07-16 15:20:45,407 INFO o.a.j.s.SampleEvent: List of sample_variables: []
2026-07-16 15:20:45,407 INFO o.a.j.s.SampleEvent: List of sample_variables: []
2026-07-16 15:20:45,413 INFO o.a.j.e.u.CompoundVariable: Note: Function class names must contain the string: '.functions.'
2026-07-16 15:20:45,413 INFO o.a.j.e.u.CompoundVariable: Note: Function class names must not contain the string: '.gui.'
2026-07-16 15:20:45,571 INFO o.a.j.JMeter: Running test (1784233245570)
2026-07-16 15:20:45,589 INFO o.a.j.e.StandardJMeterEngine: Starting ThreadGroup: 1 : Carga Sostenida
2026-07-16 15:20:45,589 INFO o.a.j.e.StandardJMeterEngine: Starting 5 threads for group Carga Sostenida.
2026-07-16 15:20:45,589 INFO o.a.j.e.StandardJMeterEngine: Thread will continue on error
2026-07-16 15:20:45,589 INFO o.a.j.t.ThreadGroup: Starting thread group... number=1 threads=5 ramp-up=10 delayedStart=false
2026-07-16 15:20:45,596 INFO o.a.j.t.ThreadGroup: Started thread group number 1
2026-07-16 15:20:45,596 INFO o.a.j.e.StandardJMeterEngine: All thread groups have been started
2026-07-16 15:20:45,597 INFO o.a.j.t.JMeterThread: Thread started: Carga Sostenida 1-1
2026-07-16 15:20:47,598 INFO o.a.j.t.JMeterThread: Thread started: Carga Sostenida 1-2
2026-07-16 15:20:49,603 INFO o.a.j.t.JMeterThread: Thread started: Carga Sostenida 1-3
2026-07-16 15:20:51,592 INFO o.a.j.t.JMeterThread: Thread started: Carga Sostenida 1-4
2026-07-16 15:20:51,745 INFO o.a.j.p.h.s.HTTPHCAbstractImpl: Local host = LAPTOP-G6I6VGFO
2026-07-16 15:20:51,750 INFO o.a.j.p.h.s.HTTPHC4Impl: HTTP request retry count = 0
2026-07-16 15:20:51,751 INFO o.a.j.s.SampleResult: Note: Sample TimeStamps are START times
2026-07-16 15:20:51,752 INFO o.a.j.s.SampleResult: sampleresult.default.encoding is set to UTF-8
2026-07-16 15:20:51,752 INFO o.a.j.s.SampleResult: sampleresult.useNanoTime=true
2026-07-16 15:20:51,752 INFO o.a.j.s.SampleResult: sampleresult.nanoThreadSleep=5000
2026-07-16 15:20:53,597 INFO o.a.j.t.JMeterThread: Thread started: Carga Sostenida 1-5
2026-07-16 15:21:00,216 INFO o.a.j.r.Summariser: summary +      9 in 00:00:15 =    0.6/s Avg:   283 Min:    14 Max:   773 Err:     0 (0.00%) Active: 5 Started: 5 Finished: 0
2026-07-16 15:21:31,291 INFO o.a.j.r.Summariser: summary +     28 in 00:00:31 =    0.9/s Avg:   266 Min:     5 Max:   825 Err:     0 (0.00%) Active: 5 Started: 5 Finished: 0
2026-07-16 15:21:31,291 INFO o.a.j.r.Summariser: summary =     37 in 00:00:46 =    0.8/s Avg:   270 Min:     5 Max:   825 Err:     0 (0.00%)
2026-07-16 15:21:42,545 INFO o.a.j.t.JMeterThread: Thread finished: Carga Sostenida 1-1
2026-07-16 15:21:42,608 INFO o.a.j.t.JMeterThread: Thread finished: Carga Sostenida 1-4
2026-07-16 15:21:43,244 INFO o.a.j.t.JMeterThread: Thread finished: Carga Sostenida 1-5
2026-07-16 15:21:44,079 INFO o.a.j.t.JMeterThread: Thread finished: Carga Sostenida 1-3
2026-07-16 15:21:44,996 INFO o.a.j.t.JMeterThread: Thread finished: Carga Sostenida 1-2
2026-07-16 15:21:44,998 INFO o.a.j.e.StandardJMeterEngine: Notifying test listeners of end of test
2026-07-16 15:21:45,001 INFO o.a.j.r.Summariser: summary +     14 in 00:00:14 =    1.0/s Avg:   271 Min:     5 Max:   475 Err:     0 (0.00%) Active: 0 Started: 5 Finished: 5
2026-07-16 15:21:45,002 INFO o.a.j.r.Summariser: summary =     51 in 00:00:59 =    0.9/s Avg:   271 Min:     5 Max:   825 Err:     0 (0.00%)
